
Starting OpsLens workload
Run ID:       76235928
Engine:       libreoffice
Requests:     120
Concurrency:  6
Fixture:      experiments/baseline/002-engine-characterization/fixtures/sample.txt

{
  "run_id": "76235928",
  "engine": "libreoffice",
  "target": "http://127.0.0.1:3000",
  "fixture": "experiments/baseline/002-engine-characterization/fixtures/sample.txt",
  "request_count": 120,
  "concurrency": 6,
  "warmup_requests": 0,
  "wait_delay": null,
  "timeout_s": 60.0,
  "success_count": 120,
  "failure_count": 0,
  "success_rate_pct": 100.0,
  "wall_time_s": 19.230806,
  "throughput_rps": 6.239988,
  "latency_successful_s": {
    "min": 0.100222,
    "p50": 0.914136,
    "p95": 1.617601,
    "p99": 1.6504,
    "max": 1.676254
  }
}

Requests: experiments/baseline/007-engine-interference/shared-mixed-smoke/libreoffice/requests.csv
Summary:  experiments/baseline/007-engine-interference/shared-mixed-smoke/libreoffice/summary.json
