
Starting OpsLens workload
Run ID:       78417ef7
Engine:       libreoffice
Requests:     120
Concurrency:  6
Fixture:      experiments/baseline/002-engine-characterization/fixtures/sample.txt

{
  "run_id": "78417ef7",
  "engine": "libreoffice",
  "target": "http://127.0.0.1:3002",
  "fixture": "experiments/baseline/002-engine-characterization/fixtures/sample.txt",
  "request_count": 120,
  "concurrency": 6,
  "warmup_requests": 0,
  "wait_delay": null,
  "timeout_s": 60.0,
  "success_count": 120,
  "failure_count": 0,
  "success_rate_pct": 100.0,
  "wall_time_s": 16.243714,
  "throughput_rps": 7.387473,
  "latency_successful_s": {
    "min": 0.103196,
    "p50": 0.968754,
    "p95": 1.097672,
    "p99": 1.111574,
    "max": 1.112415
  }
}

Requests: experiments/baseline/007-engine-interference/formal/isolated-libreoffice-r3/libreoffice/requests.csv
Summary:  experiments/baseline/007-engine-interference/formal/isolated-libreoffice-r3/libreoffice/summary.json
