
Starting OpsLens workload
Run ID:       df5c350e
Engine:       libreoffice
Requests:     120
Concurrency:  6
Fixture:      experiments/baseline/002-engine-characterization/fixtures/sample.txt

{
  "run_id": "df5c350e",
  "engine": "libreoffice",
  "target": "http://127.0.0.1:3000",
  "fixture": "experiments/baseline/002-engine-characterization/fixtures/sample.txt",
  "request_count": 120,
  "concurrency": 6,
  "warmup_requests": 0,
  "wait_delay": null,
  "timeout_s": 60.0,
  "success_count": 120,
  "failure_count": 0,
  "success_rate_pct": 100.0,
  "wall_time_s": 19.893682,
  "throughput_rps": 6.032066,
  "latency_successful_s": {
    "min": 0.170275,
    "p50": 0.887823,
    "p95": 1.803442,
    "p99": 1.886293,
    "max": 1.934156
  }
}

Requests: experiments/baseline/007-engine-interference/formal/shared-mixed-r3/libreoffice/requests.csv
Summary:  experiments/baseline/007-engine-interference/formal/shared-mixed-r3/libreoffice/summary.json
