Warming libreoffice with 1 request(s)...

Starting OpsLens workload
Run ID:       f7af5618
Engine:       libreoffice
Requests:     120
Concurrency:  6
Fixture:      experiments/baseline/002-engine-characterization/fixtures/sample.txt

{
  "run_id": "f7af5618",
  "engine": "libreoffice",
  "target": "http://opslens-eks-gotenberg-29688764.ap-south-1.elb.amazonaws.com",
  "fixture": "experiments/baseline/002-engine-characterization/fixtures/sample.txt",
  "request_count": 120,
  "concurrency": 6,
  "warmup_requests": 1,
  "wait_delay": null,
  "timeout_s": 60.0,
  "success_count": 120,
  "failure_count": 0,
  "success_rate_pct": 100.0,
  "wall_time_s": 31.210138,
  "throughput_rps": 3.844905,
  "latency_successful_s": {
    "min": 0.467023,
    "p50": 1.35554,
    "p95": 3.175768,
    "p99": 3.33675,
    "max": 3.356851
  }
}

Requests: experiments/cloud/012-eks-mixed-workload-isolation/formal/shared/rep3/mixed/libreoffice/requests.csv
Summary:  experiments/cloud/012-eks-mixed-workload-isolation/formal/shared/rep3/mixed/libreoffice/summary.json
