Warming chromium with 1 request(s)...

Starting OpsLens workload
Run ID:       b1c963d4
Engine:       chromium
Requests:     600
Concurrency:  12
Fixture:      experiments/baseline/002-engine-characterization/fixtures/index.html

{
  "run_id": "b1c963d4",
  "engine": "chromium",
  "target": "http://opslens-eks-gotenberg-29688764.ap-south-1.elb.amazonaws.com",
  "fixture": "experiments/baseline/002-engine-characterization/fixtures/index.html",
  "request_count": 600,
  "concurrency": 12,
  "warmup_requests": 1,
  "wait_delay": null,
  "timeout_s": 60.0,
  "success_count": 600,
  "failure_count": 0,
  "success_rate_pct": 100.0,
  "wall_time_s": 153.640118,
  "throughput_rps": 3.90523,
  "latency_successful_s": {
    "min": 0.439498,
    "p50": 3.176098,
    "p95": 3.97802,
    "p99": 4.93538,
    "max": 5.711591
  }
}

Requests: experiments/cloud/013-eks-autoscaling/results/cpu-hpa/chromium/requests.csv
Summary:  experiments/cloud/013-eks-autoscaling/results/cpu-hpa/chromium/summary.json
