Warming libreoffice with 1 request(s)...

Starting OpsLens workload
Run ID:       342a45b3
Engine:       libreoffice
Requests:     600
Concurrency:  12
Fixture:      experiments/baseline/002-engine-characterization/fixtures/sample.txt

{
  "run_id": "342a45b3",
  "engine": "libreoffice",
  "target": "http://opslens-eks-gotenberg-29688764.ap-south-1.elb.amazonaws.com",
  "fixture": "experiments/baseline/002-engine-characterization/fixtures/sample.txt",
  "request_count": 600,
  "concurrency": 12,
  "warmup_requests": 1,
  "wait_delay": null,
  "timeout_s": 60.0,
  "success_count": 600,
  "failure_count": 0,
  "success_rate_pct": 100.0,
  "wall_time_s": 139.377598,
  "throughput_rps": 4.304852,
  "latency_successful_s": {
    "min": 0.510983,
    "p50": 2.663492,
    "p95": 3.423909,
    "p99": 3.500102,
    "max": 3.540766
  }
}

Requests: experiments/cloud/013-eks-autoscaling/results/cpu-hpa/libreoffice/requests.csv
Summary:  experiments/cloud/013-eks-autoscaling/results/cpu-hpa/libreoffice/summary.json
