12:41:34 200 0.005067
12:41:35 200 0.005980
12:41:36 200 0.005227
12:41:37 200 0.004270
12:41:38 200 0.005608
12:41:39 200 0.005971
12:41:40 200 0.005275
12:41:41 200 0.005339
12:41:42 200 0.004059
12:41:43 200 0.004177
12:41:44 200 0.005514
12:41:45 200 0.003928
12:41:46 200 0.004192
12:41:48 200 0.006137
12:41:49 200 0.004097
12:41:50 200 0.005350
12:41:51 200 0.006543
12:41:52 200 0.004251
12:41:53 200 0.006240
12:41:54 200 0.004100
12:41:55 200 0.004175
12:41:56 200 0.005411
12:41:57 200 0.004132
12:41:58 200 0.005340
12:41:59 200 0.004138
12:42:00 200 0.004189
12:42:01 200 0.005412
12:42:02 200 0.005501
12:42:03 200 0.005419
12:42:04 200 0.005498
12:42:05 200 0.004076
12:42:06 200 0.004298
12:42:07 200 0.005389
12:42:08 200 0.005237
12:42:09 200 0.005370
12:42:10 200 0.004138
12:42:11 200 0.004028
12:42:12 200 0.005716
12:42:13 200 0.005516
12:42:14 200 0.004153
12:42:15 200 0.005290
12:42:16 200 0.004139
12:42:17 200 0.005585
12:42:18 200 0.005453
12:42:19 200 0.005360
12:42:20 200 0.003943
12:42:21 200 0.005368
12:42:22 200 0.004303
12:42:23 200 0.003887
12:42:24 200 0.003901
12:42:25 200 0.005556
12:42:26 200 0.004457
12:42:27 200 0.004092
12:42:28 200 0.005604
12:42:29 200 0.003881
12:42:30 200 0.005372
12:42:31 200 0.005503
12:42:32 200 0.005524
12:42:33 200 0.005281
12:42:34 200 0.004093
12:42:35 200 0.005367
12:42:36 200 0.005241
12:42:37 200 0.004107
12:42:38 200 0.004066
12:42:39 200 0.005618
12:42:40 200 0.004234
12:42:41 200 0.004239
12:42:42 200 0.004629
12:42:43 200 0.005397
12:42:44 200 0.009157
12:42:45 200 0.004111
12:42:46 200 0.004235
12:42:47 200 0.004288
12:42:48 200 0.004073
12:42:49 200 0.005465
12:42:50 200 0.005660
12:42:51 200 0.005432
12:42:52 200 0.004127
12:42:53 200 0.005453
12:42:54 200 0.005374
12:42:55 200 0.005495
12:42:56 200 0.004237
12:42:57 200 0.004050
12:42:58 200 0.004002
12:42:59 200 0.005259
12:43:00 200 0.004560
12:43:01 200 0.004191
12:43:02 200 0.004149
12:43:03 200 0.005365
12:43:04 200 0.004026
