
Starting OpsLens workload
Run ID:       649ecbad
Engine:       chromium
Requests:     120
Concurrency:  8
Fixture:      experiments/baseline/002-engine-characterization/fixtures/index.html

{
  "run_id": "649ecbad",
  "engine": "chromium",
  "target": "http://127.0.0.1:3001",
  "fixture": "experiments/baseline/002-engine-characterization/fixtures/index.html",
  "request_count": 120,
  "concurrency": 8,
  "warmup_requests": 0,
  "wait_delay": null,
  "timeout_s": 60.0,
  "success_count": 120,
  "failure_count": 0,
  "success_rate_pct": 100.0,
  "wall_time_s": 9.821541,
  "throughput_rps": 12.218042,
  "latency_successful_s": {
    "min": 0.389386,
    "p50": 0.607405,
    "p95": 0.860927,
    "p99": 1.04488,
    "max": 1.117378
  }
}

Requests: experiments/baseline/007-engine-interference/formal/isolated-chromium-r2/chromium/requests.csv
Summary:  experiments/baseline/007-engine-interference/formal/isolated-chromium-r2/chromium/summary.json
