
Starting OpsLens workload
Run ID:       6458a6dc
Engine:       libreoffice
Requests:     120
Concurrency:  6
Fixture:      experiments/baseline/002-engine-characterization/fixtures/sample.txt

{
  "run_id": "6458a6dc",
  "engine": "libreoffice",
  "target": "http://127.0.0.1:3000",
  "fixture": "experiments/baseline/002-engine-characterization/fixtures/sample.txt",
  "request_count": 120,
  "concurrency": 6,
  "warmup_requests": 0,
  "wait_delay": null,
  "timeout_s": 60.0,
  "success_count": 120,
  "failure_count": 0,
  "success_rate_pct": 100.0,
  "wall_time_s": 14.815813,
  "throughput_rps": 8.099454,
  "latency_successful_s": {
    "min": 0.106708,
    "p50": 0.853295,
    "p95": 0.928091,
    "p99": 0.93324,
    "max": 0.933989
  }
}

Requests: experiments/baseline/007-engine-interference/formal/shared-libreoffice-r3/libreoffice/requests.csv
Summary:  experiments/baseline/007-engine-interference/formal/shared-libreoffice-r3/libreoffice/summary.json
