Warming libreoffice with 1 request(s)...

Starting OpsLens workload
Run ID:       297d03f1
Engine:       libreoffice
Requests:     120
Concurrency:  6
Fixture:      experiments/baseline/002-engine-characterization/fixtures/sample.txt

{
  "run_id": "297d03f1",
  "engine": "libreoffice",
  "target": "http://opslens-eks-gotenberg-29688764.ap-south-1.elb.amazonaws.com",
  "fixture": "experiments/baseline/002-engine-characterization/fixtures/sample.txt",
  "request_count": 120,
  "concurrency": 6,
  "warmup_requests": 1,
  "wait_delay": null,
  "timeout_s": 60.0,
  "success_count": 120,
  "failure_count": 0,
  "success_rate_pct": 100.0,
  "wall_time_s": 30.977483,
  "throughput_rps": 3.873781,
  "latency_successful_s": {
    "min": 0.500367,
    "p50": 0.935725,
    "p95": 3.191263,
    "p99": 3.329649,
    "max": 3.733995
  }
}

Requests: experiments/cloud/012-eks-mixed-workload-isolation/formal/shared/rep2/mixed/libreoffice/requests.csv
Summary:  experiments/cloud/012-eks-mixed-workload-isolation/formal/shared/rep2/mixed/libreoffice/summary.json
