Warming chromium with 1 request(s)...

Starting OpsLens workload
Run ID:       ce0dc64d
Engine:       chromium
Requests:     360
Concurrency:  12
Fixture:      experiments/baseline/002-engine-characterization/fixtures/index.html

{
  "run_id": "ce0dc64d",
  "engine": "chromium",
  "target": "http://opslens-eks-gotenberg-29688764.ap-south-1.elb.amazonaws.com",
  "fixture": "experiments/baseline/002-engine-characterization/fixtures/index.html",
  "request_count": 360,
  "concurrency": 12,
  "warmup_requests": 1,
  "wait_delay": null,
  "timeout_s": 60.0,
  "success_count": 360,
  "failure_count": 0,
  "success_rate_pct": 100.0,
  "wall_time_s": 50.472348,
  "throughput_rps": 7.132618,
  "latency_successful_s": {
    "min": 0.728836,
    "p50": 1.596104,
    "p95": 2.512672,
    "p99": 3.050528,
    "max": 3.836706
  }
}

Requests: experiments/cloud/013-eks-autoscaling/results/distribution-check/chromium/requests.csv
Summary:  experiments/cloud/013-eks-autoscaling/results/distribution-check/chromium/summary.json
