Warming libreoffice with 1 request(s)...

Starting OpsLens workload
Run ID:       b8c0748a
Engine:       libreoffice
Requests:     360
Concurrency:  12
Fixture:      experiments/baseline/002-engine-characterization/fixtures/sample.txt

{
  "run_id": "b8c0748a",
  "engine": "libreoffice",
  "target": "http://opslens-eks-gotenberg-29688764.ap-south-1.elb.amazonaws.com",
  "fixture": "experiments/baseline/002-engine-characterization/fixtures/sample.txt",
  "request_count": 360,
  "concurrency": 12,
  "warmup_requests": 1,
  "wait_delay": null,
  "timeout_s": 60.0,
  "success_count": 360,
  "failure_count": 0,
  "success_rate_pct": 100.0,
  "wall_time_s": 41.712604,
  "throughput_rps": 8.630485,
  "latency_successful_s": {
    "min": 0.420175,
    "p50": 1.373049,
    "p95": 1.96152,
    "p99": 2.152396,
    "max": 2.600696
  }
}

Requests: experiments/cloud/013-eks-autoscaling/results/distribution-check/libreoffice/requests.csv
Summary:  experiments/cloud/013-eks-autoscaling/results/distribution-check/libreoffice/summary.json
