
Starting OpsLens workload
Run ID:       558538d7
Engine:       libreoffice
Requests:     120
Concurrency:  6
Fixture:      experiments/baseline/002-engine-characterization/fixtures/sample.txt

{
  "run_id": "558538d7",
  "engine": "libreoffice",
  "target": "http://127.0.0.1:3000",
  "fixture": "experiments/baseline/002-engine-characterization/fixtures/sample.txt",
  "request_count": 120,
  "concurrency": 6,
  "warmup_requests": 0,
  "wait_delay": null,
  "timeout_s": 60.0,
  "success_count": 120,
  "failure_count": 0,
  "success_rate_pct": 100.0,
  "wall_time_s": 19.626603,
  "throughput_rps": 6.11415,
  "latency_successful_s": {
    "min": 0.135069,
    "p50": 0.940465,
    "p95": 1.669645,
    "p99": 1.746199,
    "max": 1.775543
  }
}

Requests: experiments/baseline/007-engine-interference/formal/shared-mixed-r2/libreoffice/requests.csv
Summary:  experiments/baseline/007-engine-interference/formal/shared-mixed-r2/libreoffice/summary.json
