Warming chromium with 1 request(s)...

Starting OpsLens workload
Run ID:       3d625a40
Engine:       chromium
Requests:     120
Concurrency:  6
Fixture:      experiments/baseline/002-engine-characterization/fixtures/index.html

{
  "run_id": "3d625a40",
  "engine": "chromium",
  "target": "http://opslens-eks-gotenberg-29688764.ap-south-1.elb.amazonaws.com",
  "fixture": "experiments/baseline/002-engine-characterization/fixtures/index.html",
  "request_count": 120,
  "concurrency": 6,
  "warmup_requests": 1,
  "wait_delay": null,
  "timeout_s": 60.0,
  "success_count": 120,
  "failure_count": 0,
  "success_rate_pct": 100.0,
  "wall_time_s": 32.895457,
  "throughput_rps": 3.64792,
  "latency_successful_s": {
    "min": 1.006309,
    "p50": 1.59158,
    "p95": 2.168187,
    "p99": 2.678664,
    "max": 2.761722
  }
}

Requests: experiments/cloud/012-eks-mixed-workload-isolation/formal/isolated/rep2/mixed/chromium/requests.csv
Summary:  experiments/cloud/012-eks-mixed-workload-isolation/formal/isolated/rep2/mixed/chromium/summary.json
