
Starting OpsLens workload
Run ID:       767f7a25
Engine:       libreoffice
Requests:     120
Concurrency:  6
Fixture:      experiments/baseline/002-engine-characterization/fixtures/sample.txt

{
  "run_id": "767f7a25",
  "engine": "libreoffice",
  "target": "http://127.0.0.1:3002",
  "fixture": "experiments/baseline/002-engine-characterization/fixtures/sample.txt",
  "request_count": 120,
  "concurrency": 6,
  "warmup_requests": 0,
  "wait_delay": null,
  "timeout_s": 60.0,
  "success_count": 120,
  "failure_count": 0,
  "success_rate_pct": 100.0,
  "wall_time_s": 17.878234,
  "throughput_rps": 6.712072,
  "latency_successful_s": {
    "min": 0.169813,
    "p50": 0.974896,
    "p95": 1.228555,
    "p99": 1.24297,
    "max": 1.245873
  }
}

Requests: experiments/baseline/007-engine-interference/isolated-mixed-smoke-120/libreoffice/requests.csv
Summary:  experiments/baseline/007-engine-interference/isolated-mixed-smoke-120/libreoffice/summary.json
