Warming chromium with 1 request(s)...

Starting OpsLens workload
Run ID:       68bf4375
Engine:       chromium
Requests:     600
Concurrency:  48
Fixture:      experiments/baseline/002-engine-characterization/fixtures/index.html

{
  "run_id": "68bf4375",
  "engine": "chromium",
  "target": "http://127.0.0.1:8080",
  "fixture": "experiments/baseline/002-engine-characterization/fixtures/index.html",
  "request_count": 600,
  "concurrency": 48,
  "warmup_requests": 1,
  "wait_delay": null,
  "timeout_s": 60.0,
  "success_count": 600,
  "failure_count": 0,
  "success_rate_pct": 100.0,
  "wall_time_s": 45.786245,
  "throughput_rps": 13.104372,
  "latency_successful_s": {
    "min": 0.361765,
    "p50": 3.591879,
    "p95": 5.604766,
    "p99": 6.391573,
    "max": 6.822843
  }
}

Requests: experiments/baseline/008-scaling-capacity/replicas-2/mixed/chromium/requests.csv
Summary:  experiments/baseline/008-scaling-capacity/replicas-2/mixed/chromium/summary.json
