
Starting OpsLens workload
Run ID:       eb7a1a31
Engine:       libreoffice
Requests:     120
Concurrency:  6
Fixture:      experiments/baseline/002-engine-characterization/fixtures/sample.txt

{
  "run_id": "eb7a1a31",
  "engine": "libreoffice",
  "target": "http://127.0.0.1:3002",
  "fixture": "experiments/baseline/002-engine-characterization/fixtures/sample.txt",
  "request_count": 120,
  "concurrency": 6,
  "warmup_requests": 0,
  "wait_delay": null,
  "timeout_s": 60.0,
  "success_count": 120,
  "failure_count": 0,
  "success_rate_pct": 100.0,
  "wall_time_s": 17.134677,
  "throughput_rps": 7.003342,
  "latency_successful_s": {
    "min": 0.115074,
    "p50": 0.980223,
    "p95": 1.157039,
    "p99": 1.20389,
    "max": 1.214798
  }
}

Requests: experiments/baseline/007-engine-interference/formal/isolated-mixed-r1/libreoffice/requests.csv
Summary:  experiments/baseline/007-engine-interference/formal/isolated-mixed-r1/libreoffice/summary.json
