
Starting OpsLens workload
Run ID:       a5fb51e7
Engine:       chromium
Requests:     120
Concurrency:  8
Fixture:      experiments/baseline/002-engine-characterization/fixtures/index.html

{
  "run_id": "a5fb51e7",
  "engine": "chromium",
  "target": "http://127.0.0.1:3001",
  "fixture": "experiments/baseline/002-engine-characterization/fixtures/index.html",
  "request_count": 120,
  "concurrency": 8,
  "warmup_requests": 0,
  "wait_delay": null,
  "timeout_s": 60.0,
  "success_count": 120,
  "failure_count": 0,
  "success_rate_pct": 100.0,
  "wall_time_s": 10.319012,
  "throughput_rps": 11.629021,
  "latency_successful_s": {
    "min": 0.343889,
    "p50": 0.634274,
    "p95": 0.889636,
    "p99": 1.256886,
    "max": 1.335091
  }
}

Requests: experiments/baseline/007-engine-interference/formal/isolated-mixed-r3/chromium/requests.csv
Summary:  experiments/baseline/007-engine-interference/formal/isolated-mixed-r3/chromium/summary.json
