
Starting OpsLens workload
Run ID:       9cd5a352
Engine:       libreoffice
Requests:     120
Concurrency:  6
Fixture:      experiments/baseline/002-engine-characterization/fixtures/sample.txt

{
  "run_id": "9cd5a352",
  "engine": "libreoffice",
  "target": "http://127.0.0.1:3002",
  "fixture": "experiments/baseline/002-engine-characterization/fixtures/sample.txt",
  "request_count": 120,
  "concurrency": 6,
  "warmup_requests": 0,
  "wait_delay": null,
  "timeout_s": 60.0,
  "success_count": 120,
  "failure_count": 0,
  "success_rate_pct": 100.0,
  "wall_time_s": 17.858922,
  "throughput_rps": 6.719331,
  "latency_successful_s": {
    "min": 0.175662,
    "p50": 1.024041,
    "p95": 1.275656,
    "p99": 1.282987,
    "max": 1.283152
  }
}

Requests: experiments/baseline/007-engine-interference/formal/isolated-mixed-r3/libreoffice/requests.csv
Summary:  experiments/baseline/007-engine-interference/formal/isolated-mixed-r3/libreoffice/summary.json
