2026-10-03T11:12:53Z 200 0.007128
2026-10-03T11:12:54Z 200 0.005943
2026-10-03T11:12:55Z 200 0.005402
2026-10-03T11:12:56Z 200 0.005618
2026-10-03T11:12:57Z 200 0.005176
2026-10-03T11:12:58Z 200 0.005314
2026-10-03T11:12:59Z 200 0.005438
2026-10-03T11:13:00Z 200 0.006300
2026-10-03T11:13:01Z 200 0.005365
2026-10-03T11:13:02Z 200 0.005572
2026-10-03T11:13:03Z 200 0.005380
2026-10-03T11:13:04Z 200 0.005395
2026-10-03T11:13:05Z 200 0.005647
2026-10-03T11:13:06Z 200 0.005187
2026-10-03T11:13:07Z 200 0.005332
2026-10-03T11:13:08Z 200 0.005263
2026-10-03T11:13:09Z 200 0.005384
2026-10-03T11:13:10Z 200 0.005265
2026-10-03T11:13:11Z 503 2.007813
2026-10-03T11:13:14Z 200 0.005969
2026-10-03T11:13:15Z 200 0.005832
2026-10-03T11:13:16Z 200 0.005388
2026-10-03T11:13:17Z 200 0.005968
2026-10-03T11:13:18Z 200 0.005451
2026-10-03T11:13:19Z 200 0.005430
2026-10-03T11:13:20Z 200 0.005629
2026-10-03T11:13:21Z 200 0.005419
2026-10-03T11:13:22Z 200 0.005276
2026-10-03T11:13:23Z 200 0.006039
2026-10-03T11:13:24Z 200 0.005372
2026-10-03T11:13:25Z 200 0.005272
2026-10-03T11:13:26Z 200 0.006010
2026-10-03T11:13:27Z 200 0.005549
2026-10-03T11:13:28Z 200 0.005442
2026-10-03T11:13:29Z 200 0.005298
2026-10-03T11:13:30Z 200 0.005331
2026-10-03T11:13:31Z 200 0.005493
2026-10-03T11:13:32Z 200 0.005196
2026-10-03T11:13:33Z 200 0.005273
2026-10-03T11:13:34Z 200 0.005393
2026-10-03T11:13:35Z 200 0.005340
2026-10-03T11:13:36Z 200 0.005436
2026-10-03T11:13:37Z 200 0.005361
2026-10-03T11:13:38Z 200 0.005418
2026-10-03T11:13:39Z 200 0.005295
2026-10-03T11:13:40Z 200 0.005211
2026-10-03T11:13:41Z 200 0.005382
2026-10-03T11:13:42Z 200 0.006151
2026-10-03T11:13:43Z 200 0.005415
2026-10-03T11:13:44Z 200 0.005567
2026-10-03T11:13:45Z 200 0.005438
2026-10-03T11:13:46Z 200 0.005292
2026-10-03T11:13:47Z 200 0.005719
2026-10-03T11:13:48Z 200 0.005381
2026-10-03T11:13:49Z 200 0.005547
2026-10-03T11:13:50Z 200 0.005417
2026-10-03T11:13:51Z 200 0.005739
2026-10-03T11:13:52Z 200 0.005278
2026-10-03T11:13:53Z 200 0.005364
2026-10-03T11:13:54Z 200 0.005969
2026-10-03T11:13:55Z 200 0.005348
2026-10-03T11:13:56Z 200 0.005360
2026-10-03T11:13:57Z 200 0.005274
2026-10-03T11:13:58Z 200 0.005407
2026-10-03T11:13:59Z 200 0.005334
2026-10-03T11:14:00Z 200 0.005413
2026-10-03T11:14:01Z 200 0.005541
2026-10-03T11:14:02Z 200 0.005416
2026-10-03T11:14:03Z 200 0.005274
2026-10-03T11:14:04Z 200 0.005277
2026-10-03T11:14:05Z 200 0.005332
2026-10-03T11:14:06Z 200 0.005295
2026-10-03T11:14:07Z 200 0.005852
2026-10-03T11:14:08Z 200 0.005308
2026-10-03T11:14:09Z 200 0.005430
2026-10-03T11:14:10Z 200 0.005459
2026-10-03T11:14:11Z 200 0.005706
2026-10-03T11:14:12Z 200 0.005430
2026-10-03T11:14:13Z 200 0.005295
2026-10-03T11:14:15Z 200 0.005406
2026-10-03T11:14:16Z 200 0.005372
2026-10-03T11:14:17Z 200 0.005410
2026-10-03T11:14:18Z 200 0.005498
2026-10-03T11:14:19Z 200 0.005842
2026-10-03T11:14:20Z 200 0.005324
2026-10-03T11:14:21Z 200 0.005356
2026-10-03T11:14:22Z 200 0.005520
2026-10-03T11:14:23Z 200 0.005344
2026-10-03T11:14:24Z 200 0.005314
2026-10-03T11:14:25Z 200 0.005337
