2026-10-03T11:17:11Z 200 0.007195
2026-10-03T11:17:12Z 200 0.005479
2026-10-03T11:17:13Z 200 0.007531
2026-10-03T11:17:14Z 200 0.005387
2026-10-03T11:17:15Z 200 0.005351
2026-10-03T11:17:16Z 200 0.005445
2026-10-03T11:17:17Z 200 0.005374
2026-10-03T11:17:18Z 200 0.006293
2026-10-03T11:17:19Z 200 0.005508
2026-10-03T11:17:20Z 200 0.005441
2026-10-03T11:17:21Z 200 0.005284
2026-10-03T11:17:22Z 200 0.005299
2026-10-03T11:17:23Z 200 0.005467
2026-10-03T11:17:24Z 200 0.005388
2026-10-03T11:17:25Z 200 0.005495
2026-10-03T11:17:26Z 200 0.005333
2026-10-03T11:17:27Z 200 0.005695
2026-10-03T11:17:28Z 200 0.005428
2026-10-03T11:17:29Z 200 0.005400
2026-10-03T11:17:30Z 200 0.005396
2026-10-03T11:17:31Z 200 0.005375
2026-10-03T11:17:32Z 200 0.005449
2026-10-03T11:17:33Z 200 0.005530
2026-10-03T11:17:34Z 000 3.002658
2026-10-03T11:17:38Z 000 0.003901
2026-10-03T11:17:39Z 000 0.003414
2026-10-03T11:17:40Z 000 0.003551
2026-10-03T11:17:41Z 200 0.004683
2026-10-03T11:17:42Z 200 0.004208
2026-10-03T11:17:43Z 200 0.004706
2026-10-03T11:17:44Z 200 0.004070
2026-10-03T11:17:45Z 200 0.004158
2026-10-03T11:17:46Z 200 0.004042
2026-10-03T11:17:47Z 200 0.003991
2026-10-03T11:17:48Z 200 0.004110
2026-10-03T11:17:49Z 200 0.004099
2026-10-03T11:17:50Z 200 0.004109
2026-10-03T11:17:51Z 200 0.004100
2026-10-03T11:17:52Z 200 0.004032
2026-10-03T11:17:53Z 200 0.004137
2026-10-03T11:17:54Z 200 0.004133
2026-10-03T11:17:55Z 200 0.003959
2026-10-03T11:17:56Z 200 0.004151
2026-10-03T11:17:57Z 200 0.004164
2026-10-03T11:17:58Z 200 0.004189
2026-10-03T11:17:59Z 200 0.004837
2026-10-03T11:18:00Z 200 0.004247
2026-10-03T11:18:01Z 200 0.004268
2026-10-03T11:18:03Z 200 0.004182
2026-10-03T11:18:04Z 200 0.003964
2026-10-03T11:18:05Z 200 0.004272
2026-10-03T11:18:06Z 200 0.004049
2026-10-03T11:18:07Z 200 0.004290
2026-10-03T11:18:08Z 200 0.004628
2026-10-03T11:18:09Z 200 0.004241
2026-10-03T11:18:10Z 200 0.004285
2026-10-03T11:18:11Z 200 0.004206
2026-10-03T11:18:12Z 200 0.004138
2026-10-03T11:18:13Z 200 0.004103
2026-10-03T11:18:14Z 200 0.004888
2026-10-03T11:18:15Z 200 0.004191
2026-10-03T11:18:16Z 200 0.004398
2026-10-03T11:18:17Z 200 0.004169
2026-10-03T11:18:18Z 200 0.004072
2026-10-03T11:18:19Z 200 0.004071
2026-10-03T11:18:20Z 200 0.004021
2026-10-03T11:18:21Z 200 0.004103
2026-10-03T11:18:22Z 200 0.004106
2026-10-03T11:18:23Z 200 0.004174
2026-10-03T11:18:24Z 200 0.004114
2026-10-03T11:18:25Z 200 0.003949
2026-10-03T11:18:26Z 200 0.004232
2026-10-03T11:18:27Z 200 0.004187
2026-10-03T11:18:28Z 200 0.004271
2026-10-03T11:18:29Z 200 0.004166
2026-10-03T11:18:30Z 200 0.004047
2026-10-03T11:18:31Z 200 0.003990
2026-10-03T11:18:32Z 200 0.004228
2026-10-03T11:18:33Z 200 0.004279
2026-10-03T11:18:34Z 200 0.005289
2026-10-03T11:18:35Z 200 0.004001
2026-10-03T11:18:36Z 200 0.004105
2026-10-03T11:18:37Z 200 0.004120
2026-10-03T11:18:38Z 200 0.004490
2026-10-03T11:18:39Z 200 0.004132
2026-10-03T11:18:40Z 200 0.005605
2026-10-03T11:18:41Z 200 0.004167
2026-10-03T11:18:42Z 200 0.004092
2026-10-03T11:18:43Z 200 0.004184
2026-10-03T11:18:44Z 200 0.004241
