
Starting OpsLens workload
Run ID:       c999943b
Engine:       chromium
Requests:     120
Concurrency:  8
Fixture:      experiments/baseline/002-engine-characterization/fixtures/index.html

{
  "run_id": "c999943b",
  "engine": "chromium",
  "target": "http://127.0.0.1:3000",
  "fixture": "experiments/baseline/002-engine-characterization/fixtures/index.html",
  "request_count": 120,
  "concurrency": 8,
  "warmup_requests": 0,
  "wait_delay": null,
  "timeout_s": 60.0,
  "success_count": 120,
  "failure_count": 0,
  "success_rate_pct": 100.0,
  "wall_time_s": 8.750965,
  "throughput_rps": 13.712773,
  "latency_successful_s": {
    "min": 0.29322,
    "p50": 0.534628,
    "p95": 0.805012,
    "p99": 1.046924,
    "max": 1.337645
  }
}

Requests: experiments/baseline/007-engine-interference/formal/shared-mixed-r1/chromium/requests.csv
Summary:  experiments/baseline/007-engine-interference/formal/shared-mixed-r1/chromium/summary.json
