
Starting OpsLens workload
Run ID:       1541002e
Engine:       libreoffice
Requests:     120
Concurrency:  6
Fixture:      experiments/baseline/002-engine-characterization/fixtures/sample.txt

{
  "run_id": "1541002e",
  "engine": "libreoffice",
  "target": "http://127.0.0.1:3000",
  "fixture": "experiments/baseline/002-engine-characterization/fixtures/sample.txt",
  "request_count": 120,
  "concurrency": 6,
  "warmup_requests": 0,
  "wait_delay": null,
  "timeout_s": 60.0,
  "success_count": 120,
  "failure_count": 0,
  "success_rate_pct": 100.0,
  "wall_time_s": 20.123639,
  "throughput_rps": 5.963136,
  "latency_successful_s": {
    "min": 0.206288,
    "p50": 0.954621,
    "p95": 1.918786,
    "p99": 2.009634,
    "max": 2.019873
  }
}

Requests: experiments/baseline/007-engine-interference/formal/shared-mixed-r1/libreoffice/requests.csv
Summary:  experiments/baseline/007-engine-interference/formal/shared-mixed-r1/libreoffice/summary.json
