
Starting OpsLens workload
Run ID:       bf094ef2
Engine:       chromium
Requests:     120
Concurrency:  8
Fixture:      experiments/baseline/002-engine-characterization/fixtures/index.html

{
  "run_id": "bf094ef2",
  "engine": "chromium",
  "target": "http://127.0.0.1:3000",
  "fixture": "experiments/baseline/002-engine-characterization/fixtures/index.html",
  "request_count": 120,
  "concurrency": 8,
  "warmup_requests": 0,
  "wait_delay": null,
  "timeout_s": 60.0,
  "success_count": 120,
  "failure_count": 0,
  "success_rate_pct": 100.0,
  "wall_time_s": 7.410899,
  "throughput_rps": 16.192367,
  "latency_successful_s": {
    "min": 0.260817,
    "p50": 0.459651,
    "p95": 0.656734,
    "p99": 0.817318,
    "max": 0.861127
  }
}

Requests: experiments/baseline/007-engine-interference/formal/shared-chromium-r3/chromium/requests.csv
Summary:  experiments/baseline/007-engine-interference/formal/shared-chromium-r3/chromium/summary.json
