Warming chromium with 1 request(s)...

Starting OpsLens workload
Run ID:       5a7cc6bc
Engine:       chromium
Requests:     600
Concurrency:  12
Fixture:      experiments/baseline/002-engine-characterization/fixtures/index.html

{
  "run_id": "5a7cc6bc",
  "engine": "chromium",
  "target": "http://opslens-eks-gotenberg-29688764.ap-south-1.elb.amazonaws.com",
  "fixture": "experiments/baseline/002-engine-characterization/fixtures/index.html",
  "request_count": 600,
  "concurrency": 12,
  "warmup_requests": 1,
  "wait_delay": null,
  "timeout_s": 60.0,
  "success_count": 600,
  "failure_count": 0,
  "success_rate_pct": 100.0,
  "wall_time_s": 157.453656,
  "throughput_rps": 3.810645,
  "latency_successful_s": {
    "min": 0.464171,
    "p50": 3.176034,
    "p95": 4.118084,
    "p99": 4.851158,
    "max": 6.380441
  }
}

Requests: experiments/cloud/013-eks-autoscaling/results/queue-aware/chromium/requests.csv
Summary:  experiments/cloud/013-eks-autoscaling/results/queue-aware/chromium/summary.json
