
Starting OpsLens workload
Run ID:       251224dc
Engine:       chromium
Requests:     120
Concurrency:  8
Fixture:      experiments/baseline/002-engine-characterization/fixtures/index.html

{
  "run_id": "251224dc",
  "engine": "chromium",
  "target": "http://127.0.0.1:3000",
  "fixture": "experiments/baseline/002-engine-characterization/fixtures/index.html",
  "request_count": 120,
  "concurrency": 8,
  "warmup_requests": 0,
  "wait_delay": null,
  "timeout_s": 60.0,
  "success_count": 120,
  "failure_count": 0,
  "success_rate_pct": 100.0,
  "wall_time_s": 7.383683,
  "throughput_rps": 16.252052,
  "latency_successful_s": {
    "min": 0.272111,
    "p50": 0.441072,
    "p95": 0.641616,
    "p99": 0.870804,
    "max": 1.024029
  }
}

Requests: experiments/baseline/007-engine-interference/formal/shared-chromium-r2/chromium/requests.csv
Summary:  experiments/baseline/007-engine-interference/formal/shared-chromium-r2/chromium/summary.json
