
Starting OpsLens workload
Run ID:       7ef92a5c
Engine:       chromium
Requests:     120
Concurrency:  8
Fixture:      experiments/baseline/002-engine-characterization/fixtures/index.html

{
  "run_id": "7ef92a5c",
  "engine": "chromium",
  "target": "http://127.0.0.1:3001",
  "fixture": "experiments/baseline/002-engine-characterization/fixtures/index.html",
  "request_count": 120,
  "concurrency": 8,
  "warmup_requests": 0,
  "wait_delay": null,
  "timeout_s": 60.0,
  "success_count": 120,
  "failure_count": 0,
  "success_rate_pct": 100.0,
  "wall_time_s": 10.053679,
  "throughput_rps": 11.935929,
  "latency_successful_s": {
    "min": 0.329784,
    "p50": 0.607193,
    "p95": 0.881965,
    "p99": 1.312896,
    "max": 1.366116
  }
}

Requests: experiments/baseline/007-engine-interference/formal/isolated-mixed-r2/chromium/requests.csv
Summary:  experiments/baseline/007-engine-interference/formal/isolated-mixed-r2/chromium/summary.json
