Warming chromium with 1 request(s)...

Starting OpsLens workload
Run ID:       97e4a97b
Engine:       chromium
Requests:     120
Concurrency:  6
Fixture:      experiments/baseline/002-engine-characterization/fixtures/index.html

{
  "run_id": "97e4a97b",
  "engine": "chromium",
  "target": "http://opslens-eks-gotenberg-29688764.ap-south-1.elb.amazonaws.com",
  "fixture": "experiments/baseline/002-engine-characterization/fixtures/index.html",
  "request_count": 120,
  "concurrency": 6,
  "warmup_requests": 1,
  "wait_delay": null,
  "timeout_s": 60.0,
  "success_count": 120,
  "failure_count": 0,
  "success_rate_pct": 100.0,
  "wall_time_s": 32.829191,
  "throughput_rps": 3.655284,
  "latency_successful_s": {
    "min": 0.861911,
    "p50": 1.596815,
    "p95": 1.999959,
    "p99": 2.699558,
    "max": 2.861357
  }
}

Requests: experiments/cloud/012-eks-mixed-workload-isolation/formal/isolated/rep1/mixed/chromium/requests.csv
Summary:  experiments/cloud/012-eks-mixed-workload-isolation/formal/isolated/rep1/mixed/chromium/summary.json
