
Starting OpsLens workload
Run ID:       14bb373d
Engine:       libreoffice
Requests:     120
Concurrency:  6
Fixture:      experiments/baseline/002-engine-characterization/fixtures/sample.txt

{
  "run_id": "14bb373d",
  "engine": "libreoffice",
  "target": "http://127.0.0.1:3002",
  "fixture": "experiments/baseline/002-engine-characterization/fixtures/sample.txt",
  "request_count": 120,
  "concurrency": 6,
  "warmup_requests": 0,
  "wait_delay": null,
  "timeout_s": 60.0,
  "success_count": 120,
  "failure_count": 0,
  "success_rate_pct": 100.0,
  "wall_time_s": 16.91413,
  "throughput_rps": 7.09466,
  "latency_successful_s": {
    "min": 0.255159,
    "p50": 0.980467,
    "p95": 1.138694,
    "p99": 1.171864,
    "max": 1.173854
  }
}

Requests: experiments/baseline/007-engine-interference/formal/isolated-libreoffice-r1/libreoffice/requests.csv
Summary:  experiments/baseline/007-engine-interference/formal/isolated-libreoffice-r1/libreoffice/summary.json
